---
source: src/game.rs
expression: log.dump()
---
Todo("draws 0 cards, shuffles their deck, and draws 5 more")
Todo("[1A 1B 1C] Player 1 played a [Copper]")
Todo("[1A 1B 2C] Player 1 played a [Copper]")
Todo("Player 1 gained a [Copper]")
Todo("draws 5 cards")
